program
├── using [0..2]
│   └── foo
├── using [3..7]
│   └── foo as bar
├── using [8..14]
│   ├── foo
│   ├── bar
│   └── baz
├── using [15..23]
│   ├── foo
│   ├── bar
│   └── baz as qux
├── import from: module [24..30]
│   ├── thing
│   └── other
├── var (mut) [31..35]
│   ├── name: identifier decimal [32..32]
│   └── value: literal (int): 123 [34..34]
├── var (mut) [36..40]
│   ├── name: identifier decimalUnderscore [37..37]
│   └── value: literal (int): 1_000_000 [39..39]
├── var (mut) [41..45]
│   ├── name: identifier hexadecimal [42..42]
│   └── value: literal (int): 0xDEAD_BEEF [44..44]
├── var (mut) [46..50]
│   ├── name: identifier octal [47..47]
│   └── value: literal (int): 0o755 [49..49]
├── var (mut) [51..55]
│   ├── name: identifier binary [52..52]
│   └── value: literal (int): 0b1010_1010 [54..54]
├── var (mut) [56..60]
│   ├── name: identifier float1 [57..57]
│   └── value: literal (float): 123.456 [59..59]
├── var (mut) [61..65]
│   ├── name: identifier float2 [62..62]
│   └── value: literal (float): 1_000.000_001 [64..64]
├── var (mut) [66..70]
│   ├── name: identifier float3 [67..67]
│   └── value: literal (float): 1.5e10 [69..69]
├── var (mut) [71..75]
│   ├── name: identifier float4 [72..72]
│   └── value: literal (float): 1.5e-10 [74..74]
├── var (mut) [76..80]
│   ├── name: identifier float5 [77..77]
│   └── value: literal (float): 1e+10 [79..79]
├── var (mut) [81..85]
│   ├── name: identifier float6 [82..82]
│   └── value: literal (float): .5 [84..84]
├── var (mut) [86..90]
│   ├── name: identifier string1 [87..87]
│   └── value: literal (string): "hello" [89..89]
├── var (mut) [91..95]
│   ├── name: identifier string2 [92..92]
│   └── value: literal (string): "hello\x0Aworld\x09!" [94..94]
├── var (mut) [96..100]
│   ├── name: identifier string3 [97..97]
│   └── value: literal (string): "escaped \\ quote" [99..99]
├── var (mut) [101..105]
│   ├── name: identifier string4 [102..102]
│   └── value: literal (string): "smart quotes" [104..104]
├── var (mut) [106..110]
│   ├── name: identifier template1 [107..107]
│   └── value: template [109..109]
│       └── part: literal (string): "\x0A    hello world\x0A    this is a multiline template\x0A" [109..109]
├── var (mut) [111..117]
│   ├── name: identifier template2 [112..112]
│   └── value: template [114..116]
│       ├── part: literal (string): "hello " [114..114]
│       ├── part: identifier name [115..115]
│       └── part: literal (string): "" [116..116]
├── var (mut) [118..126]
│   ├── name: identifier template3 [119..119]
│   └── value: template [121..125]
│       ├── part: literal (string): "x = " [121..121]
│       ├── part: binary: '+' [122..124]
│       │   ├── left: identifier x [122..122]
│       │   └── right: literal (int): 1 [124..124]
│       └── part: literal (string): "" [125..125]
├── var (mut) [127..144]
│   ├── name: identifier template4 [128..128]
│   └── value: template [130..143]
│       ├── part: literal (string): "\x0A    value = " [130..130]
│       ├── part: index [131..136]
│       │   ├── object: access [131..133]
│       │   │   ├── object: identifier foo [131..131]
│       │   │   └── member: identifier bar [133..133]
│       │   └── index: literal (int): 0 [135..135]
│       ├── part: literal (string): "\x0A    result = " [137..137]
│       ├── part: binary: '+' [138..142]
│       │   ├── left: identifier a [138..138]
│       │   └── right: binary: '*' [140..142]
│       │       ├── left: identifier b [140..140]
│       │       └── right: identifier c [142..142]
│       └── part: literal (string): "\x0A" [143..143]
├── var (mut) [145..149]
│   ├── name: identifier trueValue [146..146]
│   └── value: literal (bool): true [148..148]
├── var (mut) [150..154]
│   ├── name: identifier falseValue [151..151]
│   └── value: literal (bool): false [153..153]
├── var (mut) [155..159]
│   ├── name: identifier nullValue [156..156]
│   └── value: null [158..158]
├── var (mut) [160..165]
│   ├── name: identifier emptyList [161..161]
│   └── value: list [163..164]
├── var (mut) [166..171]
│   ├── name: identifier emptyDict [167..167]
│   └── value: dict [169..170]
├── var (mut) [172..178]
│   ├── name: identifier emptySet [173..173]
│   └── value: set [175..177]
│       └── literal (int): 1 [176..176]
├── var (mut) [179..185]
│   ├── name: identifier list1 [180..180]
│   └── value: list [182..184]
│       └── literal (int): 1 [183..183]
├── var (mut) [186..196]
│   ├── name: identifier list2 [187..187]
│   └── value: list [189..195]
│       ├── literal (int): 1 [190..190]
│       ├── literal (int): 2 [192..192]
│       └── literal (int): 3 [194..194]
├── var (mut) [197..215]
│   ├── name: identifier list3 [198..198]
│   └── value: list [200..214]
│       ├── literal (int): 1 [201..201]
│       ├── literal (string): "two" [203..203]
│       ├── literal (bool): true [205..205]
│       ├── null [207..207]
│       └── list [209..213]
│           ├── literal (int): 4 [210..210]
│           └── literal (int): 5 [212..212]
├── var (mut) [216..248]
│   ├── name: identifier nestedList [217..217]
│   └── value: list [219..247]
│       ├── list [220..224]
│       │   ├── literal (int): 1 [221..221]
│       │   └── literal (int): 2 [223..223]
│       ├── list [226..230]
│       │   ├── literal (int): 3 [227..227]
│       │   └── literal (int): 4 [229..229]
│       └── list [232..246]
│           ├── literal (int): 5 [233..233]
│           └── list [235..245]
│               ├── literal (int): 6 [236..236]
│               └── list [238..244]
│                   ├── literal (int): 7 [239..239]
│                   └── list [241..243]
│                       └── literal (int): 8 [242..242]
├── var (mut) [249..260]
│   ├── name: identifier trailingList [250..250]
│   └── value: list [252..259]
│       ├── literal (int): 1 [253..253]
│       ├── literal (int): 2 [255..255]
│       └── literal (int): 3 [257..257]
├── var (mut) [261..271]
│   ├── name: identifier set1 [262..262]
│   └── value: set [264..270]
│       ├── literal (int): 1 [265..265]
│       ├── literal (int): 2 [267..267]
│       └── literal (int): 3 [269..269]
├── var (mut) [272..283]
│   ├── name: identifier set2 [273..273]
│   └── value: set [275..282]
│       ├── literal (int): 1 [276..276]
│       ├── literal (int): 2 [278..278]
│       └── literal (int): 3 [280..280]
├── var (mut) [284..295]
│   ├── name: identifier trailingSet [285..285]
│   └── value: set [287..294]
│       ├── literal (string): "a" [288..288]
│       ├── literal (string): "b" [290..290]
│       └── literal (string): "c" [292..292]
├── var (mut) [296..309]
│   ├── name: identifier dict1 [297..297]
│   └── value: dict [299..308]
│       ├── pair
│       │   ├── key: literal (string): "name" [300..300]
│       │   └── value: literal (string): "John" [302..302]
│       └── pair
│           ├── key: literal (string): "age" [304..304]
│           └── value: literal (int): 42 [306..306]
├── var (mut) [310..339]
│   ├── name: identifier dict2 [311..311]
│   └── value: dict [313..338]
│       ├── pair
│       │   ├── key: literal (string): "nested" [314..314]
│       │   └── value: dict [316..321]
│       │       └── pair
│       │           ├── key: literal (string): "value" [317..317]
│       │           └── value: literal (int): 123 [319..319]
│       ├── pair
│       │   ├── key: literal (string): "list" [323..323]
│       │   └── value: list [325..331]
│       │       ├── literal (int): 1 [326..326]
│       │       ├── literal (int): 2 [328..328]
│       │       └── literal (int): 3 [330..330]
│       └── pair
│           ├── key: literal (string): "empty" [333..333]
│           └── value: dict [335..336]
├── var (mut) [340..357]
│   ├── name: identifier dict3 [341..341]
│   └── value: dict [343..356]
│       ├── pair
│       │   ├── key: literal (int): 1 [344..344]
│       │   └── value: literal (string): "one" [346..346]
│       ├── pair
│       │   ├── key: literal (int): 2 [348..348]
│       │   └── value: literal (string): "two" [350..350]
│       └── pair
│           ├── key: literal (int): 3 [352..352]
│           └── value: literal (string): "three" [354..354]
├── var (mut) [358..360]
│   └── name: identifier x [359..359]
├── var (mut) [361..365]
│   ├── name: identifier y [362..362]
│   └── value: literal (int): 123 [364..364]
├── var [366..370]
│   ├── name: identifier immutable [367..367]
│   └── value: literal (int): 42 [369..369]
├── var [371..377]
│   ├── name: identifier greeting [372..372]
│   ├── hint: identifier string [374..374]
│   └── value: literal (string): "hello" [376..376]
├── var (mut) [378..382]
│   ├── name: identifier inferred [379..379]
│   └── value: literal (int): 123 [381..381]
├── var (mut) [383..389]
│   ├── name: identifier explicitlyTyped [384..384]
│   ├── hint: identifier int [386..386]
│   └── value: literal (int): 123 [388..388]
├── var (mut) [390..397]
│   ├── name: identifier optionalValue [391..391]
│   ├── hint: optional [393..394]
│   │   └── identifier string [393..393]
│   └── value: null [396..396]
├── var (mut) [398..406]
│   ├── name: identifier unionValue [399..399]
│   ├── hint: union [401..403]
│   │   ├── identifier string [401..401]
│   │   └── identifier int [403..403]
│   └── value: literal (int): 123 [405..405]
├── var (mut) [407..422]
│   ├── name: identifier genericList [408..408]
│   ├── hint: generic [410..413]
│   │   ├── base: identifier List [410..410]
│   │   └── arg: identifier int [412..412]
│   └── value: list [415..421]
│       ├── literal (int): 1 [416..416]
│       ├── literal (int): 2 [418..418]
│       └── literal (int): 3 [420..420]
├── var (mut) [423..438]
│   ├── name: identifier nestedGeneric [424..424]
│   ├── hint: generic [426..434]
│   │   ├── base: identifier Map [426..426]
│   │   ├── arg: identifier string [428..428]
│   │   └── arg: generic [430..433]
│   │       ├── base: identifier List [430..430]
│   │       └── arg: identifier int [432..432]
│   └── value: dict [436..437]
├── var (mut) [439..454]
│   ├── name: identifier complicatedType [440..440]
│   ├── hint: optional [442..451]
│   │   └── generic [442..450]
│   │       ├── base: identifier Result [442..442]
│   │       ├── arg: generic [444..447]
│   │       │   ├── base: identifier List [444..444]
│   │       │   └── arg: identifier string [446..446]
│   │       └── arg: identifier Error [449..449]
│   └── value: null [453..453]
├── var (mut) [455..467]
│   ├── name: list [456..460]
│   │   ├── identifier a [457..457]
│   │   └── identifier b [459..459]
│   └── value: list [462..466]
│       ├── literal (int): 1 [463..463]
│       └── literal (int): 2 [465..465]
├── var (mut) [468..478]
│   ├── name: list [469..475]
│   │   ├── identifier first [470..470]
│   │   ├── identifier second [472..472]
│   │   └── identifier third [474..474]
│   └── value: identifier values [477..477]
├── var (mut) [479..487]
│   ├── name: dict [480..484]
│   │   └── pair
│   │       ├── key: identifier key [481..481]
│   │       └── value: identifier value [483..483]
│   └── value: identifier object [486..486]
├── var (mut) [488..501]
│   ├── name: dict [489..498]
│   │   ├── pair
│   │   │   ├── key: literal (string): "name" [490..490]
│   │   │   └── value: identifier name [492..492]
│   │   └── pair
│   │       ├── key: literal (string): "age" [494..494]
│   │       └── value: identifier age [496..496]
│   └── value: identifier person [500..500]
├── var (mut) [502..511]
│   ├── name: set [503..508]
│   │   ├── identifier x [504..504]
│   │   └── identifier y [506..506]
│   └── value: identifier coordinates [510..510]
├── derived doubled [512..518]
│   └── value: binary: '*' [515..517]
│       ├── left: identifier x [515..515]
│       └── right: literal (int): 2 [517..517]
├── derived answer [519..525]
│   ├── hint: identifier int [522..522]
│   └── value: literal (int): 42 [524..524]
├── derived complicated [526..536]
│   ├── hint: union [529..531]
│   │   ├── identifier string [529..529]
│   │   └── identifier int [531..531]
│   └── value: access [533..535]
│       ├── object: identifier foo [533..533]
│       └── member: identifier bar [535..535]
├── var (mut) [537..541]
│   ├── name: identifier a1 [538..538]
│   └── value: identifier foo [540..540]
├── var (mut) [542..548]
│   ├── name: identifier a2 [543..543]
│   └── value: access [545..547]
│       ├── object: identifier foo [545..545]
│       └── member: identifier bar [547..547]
├── var (mut) [549..557]
│   ├── name: identifier a3 [550..550]
│   └── value: access [552..556]
│       ├── object: access [552..554]
│       │   ├── object: identifier foo [552..552]
│       │   └── member: identifier bar [554..554]
│       └── member: identifier baz [556..556]
├── var (mut) [558..568]
│   ├── name: identifier a4 [559..559]
│   └── value: access [561..567]
│       ├── object: access [561..565]
│       │   ├── object: access [561..563]
│       │   │   ├── object: identifier foo [561..561]
│       │   │   └── member: identifier bar [563..563]
│       │   └── member: identifier baz [565..565]
│       └── member: identifier qux [567..567]
├── var (mut) [569..576]
│   ├── name: identifier a5 [570..570]
│   └── value: index [572..575]
│       ├── object: identifier foo [572..572]
│       └── index: literal (int): 0 [574..574]
├── var (mut) [577..587]
│   ├── name: identifier a6 [578..578]
│   └── value: index [580..586]
│       ├── object: index [580..583]
│       │   ├── object: identifier foo [580..580]
│       │   └── index: literal (int): 0 [582..582]
│       └── index: literal (int): 1 [585..585]
├── var (mut) [588..597]
│   ├── name: identifier a7 [589..589]
│   └── value: access [591..596]
│       ├── object: index [591..594]
│       │   ├── object: identifier foo [591..591]
│       │   └── index: literal (int): 0 [593..593]
│       └── member: identifier bar [596..596]
├── var (mut) [598..612]
│   ├── name: identifier a8 [599..599]
│   └── value: index [601..611]
│       ├── object: access [601..608]
│       │   ├── object: index [601..606]
│       │   │   ├── object: access [601..603]
│       │   │   │   ├── object: identifier foo [601..601]
│       │   │   │   └── member: identifier bar [603..603]
│       │   │   └── index: literal (int): 0 [605..605]
│       │   └── member: identifier baz [608..608]
│       └── index: literal (int): 1 [610..610]
├── var (mut) [613..623]
│   ├── name: identifier a9 [614..614]
│   └── value: call [616..622]
│       └── callee: access [616..620]
│           ├── object: call [616..618]
│           │   └── callee: identifier foo [616..616]
│           └── member: identifier bar [620..620]
├── var (mut) [624..637]
│   ├── name: identifier a10 [625..625]
│   └── value: call [627..636]
│       ├── callee: call [627..633]
│       │   ├── callee: call [627..630]
│       │   │   ├── callee: identifier foo [627..627]
│       │   │   └── arg: literal (int): 1 [629..629]
│       │   └── arg: literal (int): 2 [632..632]
│       └── arg: literal (int): 3 [635..635]
├── var (mut) [638..656]
│   ├── name: identifier deeplyChained [639..639]
│   └── value: call [641..655]
│       └── callee: access [641..653]
│           ├── object: index [641..651]
│           │   ├── object: access [641..648]
│           │   │   ├── object: index [641..646]
│           │   │   │   ├── object: access [641..643]
│           │   │   │   │   ├── object: identifier foo [641..641]
│           │   │   │   │   └── member: identifier bar [643..643]
│           │   │   │   └── index: literal (int): 0 [645..645]
│           │   │   └── member: identifier baz [648..648]
│           │   └── index: literal (int): 1 [650..650]
│           └── member: identifier qux [653..653]
├── exprStmt [657..660]
│   └── call [657..659]
│       └── callee: identifier foo [657..657]
├── exprStmt [661..665]
│   └── call [661..664]
│       ├── callee: identifier foo [661..661]
│       └── arg: literal (int): 1 [663..663]
├── exprStmt [666..672]
│   └── call [666..671]
│       ├── callee: identifier foo [666..666]
│       ├── arg: literal (int): 1 [668..668]
│       └── arg: literal (int): 2 [670..670]
├── exprStmt [673..682]
│   └── call [673..681]
│       ├── callee: identifier foo [673..673]
│       ├── arg: literal (int): 1 [675..675]
│       ├── arg: literal (int): 2 [677..677]
│       └── arg: literal (int): 3 [679..679]
├── exprStmt [683..692]
│   └── call [683..691]
│       ├── callee: identifier foo [683..683]
│       ├── arg: literal (int): 1 [685..685]
│       ├── arg: literal (int): 2 [687..687]
│       └── arg: literal (int): 3 [689..689]
├── exprStmt [693..709]
│   └── call [693..708]
│       ├── callee: identifier outer [693..693]
│       ├── arg: call [695..700]
│       │   ├── callee: identifier inner [695..695]
│       │   ├── arg: literal (int): 1 [697..697]
│       │   └── arg: literal (int): 2 [699..699]
│       └── arg: call [702..707]
│           ├── callee: identifier other [702..702]
│           ├── arg: literal (int): 3 [704..704]
│           └── arg: literal (int): 4 [706..706]
├── exprStmt [710..731]
│   └── call [710..730]
│       ├── callee: access [710..712]
│       │   ├── object: identifier object [710..710]
│       │   └── member: identifier method [712..712]
│       ├── arg: call [714..716]
│       │   └── callee: identifier foo [714..714]
│       ├── arg: access [718..720]
│       │   ├── object: identifier bar [718..718]
│       │   └── member: identifier baz [720..720]
│       └── arg: list [722..728]
│           ├── literal (int): 1 [723..723]
│           ├── literal (int): 2 [725..725]
│           └── literal (int): 3 [727..727]
├── var (mut) [732..739]
│   ├── name: identifier index0 [733..733]
│   └── value: index [735..738]
│       ├── object: identifier list [735..735]
│       └── index: literal (int): 0 [737..737]
├── var (mut) [740..750]
│   ├── name: identifier index1 [741..741]
│   └── value: index [743..749]
│       ├── object: index [743..746]
│       │   ├── object: identifier matrix [743..743]
│       │   └── index: literal (int): 1 [745..745]
│       └── index: literal (int): 2 [748..748]
├── var (mut) [751..758]
│   ├── name: identifier index2 [752..752]
│   └── value: index [754..757]
│       ├── object: identifier object [754..754]
│       └── index: literal (string): "name" [756..756]
├── var (mut) [759..768]
│   ├── name: identifier index3 [760..760]
│   └── value: index [762..767]
│       ├── object: access [762..764]
│       │   ├── object: identifier foo [762..762]
│       │   └── member: identifier bar [764..764]
│       └── index: identifier baz [766..766]
├── var (mut) [769..776]
│   ├── name: identifier dynamicIndex [770..770]
│   └── value: index [772..775]
│       ├── object: identifier values [772..772]
│       └── index: identifier index [774..774]
├── var (mut) [777..786]
│   ├── name: identifier slice1 [778..778]
│   └── value: slice [780..785]
│       ├── object: identifier values [780..780]
│       ├── start: literal (int): 1 [782..782]
│       └── stop: literal (int): 5 [784..784]
├── var (mut) [787..795]
│   ├── name: identifier slice2 [788..788]
│   └── value: slice [790..794]
│       ├── object: identifier values [790..790]
│       ├── start: <empty>
│       └── stop: literal (int): 5 [793..793]
├── var (mut) [796..804]
│   ├── name: identifier slice3 [797..797]
│   └── value: slice [799..803]
│       ├── object: identifier values [799..799]
│       └── start: literal (int): 1 [801..801]
├── var (mut) [805..816]
│   ├── name: identifier slice4 [806..806]
│   └── value: slice [808..815]
│       ├── object: identifier values [808..808]
│       ├── start: literal (int): 1 [810..810]
│       ├── stop: literal (int): 5 [812..812]
│       └── step: literal (int): 2 [814..814]
├── var (mut) [817..827]
│   ├── name: identifier slice5 [818..818]
│   └── value: slice [820..826]
│       ├── object: identifier values [820..820]
│       ├── start: <empty>
│       ├── stop: literal (int): 5 [823..823]
│       └── step: literal (int): 2 [825..825]
├── var (mut) [828..838]
│   ├── name: identifier slice6 [829..829]
│   └── value: slice [831..837]
│       ├── object: identifier values [831..831]
│       ├── start: literal (int): 1 [833..833]
│       ├── stop: <empty>
│       └── step: literal (int): 2 [836..836]
├── var (mut) [839..848]
│   ├── name: identifier slice7 [840..840]
│   └── value: slice [842..847]
│       ├── object: identifier values [842..842]
│       ├── start: identifier start [844..844]
│       └── stop: identifier stop [846..846]
├── var (mut) [849..854]
│   ├── name: identifier negative [850..850]
│   └── value: unary prefix: '-' [852..853]
│       └── identifier x [853..853]
├── var (mut) [855..860]
│   ├── name: identifier doubleNegative [856..856]
│   └── value: unary prefix: '--' [858..859]
│       └── identifier x [859..859]
├── var (mut) [861..866]
│   ├── name: identifier notValue [862..862]
│   └── value: unary prefix: '!' [864..865]
│       └── identifier value [865..865]
├── var (mut) [867..874]
│   ├── name: identifier unaryNested [868..868]
│   └── value: unary prefix: '!' [870..873]
│       └── unary prefix: '-' [871..873]
│           └── unary prefix: '!' [872..873]
│               └── identifier x [873..873]
├── var (mut) [875..880]
│   ├── name: identifier awaited [876..876]
│   └── value: unary prefix: 'await' [878..879]
│       └── identifier future [879..879]
├── var (mut) [881..886]
│   ├── name: identifier yielded [882..882]
│   └── value: unary prefix: 'yield' [884..885]
│       └── identifier value [885..885]
├── var (mut) [887..894]
│   ├── name: identifier unaryCall [888..888]
│   └── value: unary prefix: '-' [890..893]
│       └── call [891..893]
│           └── callee: identifier foo [891..891]
├── var (mut) [895..903]
│   ├── name: identifier unaryIndex [896..896]
│   └── value: unary prefix: '!' [898..902]
│       └── index [899..902]
│           ├── object: identifier values [899..899]
│           └── index: literal (int): 0 [901..901]
├── var (mut) [904..910]
│   ├── name: identifier arithmetic1 [905..905]
│   └── value: binary: '+' [907..909]
│       ├── left: literal (int): 1 [907..907]
│       └── right: literal (int): 2 [909..909]
├── var (mut) [911..917]
│   ├── name: identifier arithmetic2 [912..912]
│   └── value: binary: '-' [914..916]
│       ├── left: literal (int): 1 [914..914]
│       └── right: literal (int): 2 [916..916]
├── var (mut) [918..924]
│   ├── name: identifier arithmetic3 [919..919]
│   └── value: binary: '*' [921..923]
│       ├── left: literal (int): 2 [921..921]
│       └── right: literal (int): 3 [923..923]
├── var (mut) [925..931]
│   ├── name: identifier arithmetic4 [926..926]
│   └── value: binary: '/' [928..930]
│       ├── left: literal (int): 8 [928..928]
│       └── right: literal (int): 2 [930..930]
├── var (mut) [932..938]
│   ├── name: identifier arithmetic5 [933..933]
│   └── value: binary: '%' [935..937]
│       ├── left: literal (int): 10 [935..935]
│       └── right: literal (int): 3 [937..937]
├── var (mut) [939..947]
│   ├── name: identifier arithmetic6 [940..940]
│   └── value: binary: '+' [942..946]
│       ├── left: literal (int): 1 [942..942]
│       └── right: binary: '*' [944..946]
│           ├── left: literal (int): 2 [944..944]
│           └── right: literal (int): 3 [946..946]
├── var (mut) [948..958]
│   ├── name: identifier arithmetic7 [949..949]
│   └── value: binary: '*' [951..957]
│       ├── left: binary: '+' [952..954]
│       │   ├── left: literal (int): 1 [952..952]
│       │   └── right: literal (int): 2 [954..954]
│       └── right: literal (int): 3 [957..957]
├── var (mut) [959..965]
│   ├── name: identifier arithmetic8 [960..960]
│   └── value: binary: '^' [962..964]
│       ├── left: literal (int): 2 [962..962]
│       └── right: literal (int): 3 [964..964]
├── var (mut) [966..974]
│   ├── name: identifier arithmetic9 [967..967]
│   └── value: binary: '^' [969..973]
│       ├── left: literal (int): 2 [969..969]
│       └── right: binary: '^' [971..973]
│           ├── left: literal (int): 3 [971..971]
│           └── right: literal (int): 4 [973..973]
├── var (mut) [975..982]
│   ├── name: identifier arithmetic10 [976..976]
│   └── value: unary prefix: '-' [978..981]
│       └── binary: '^' [979..981]
│           ├── left: literal (int): 2 [979..979]
│           └── right: literal (int): 3 [981..981]
├── var (mut) [983..992]
│   ├── name: identifier arithmetic11 [984..984]
│   └── value: unary prefix: '-' [986..991]
│       └── binary: '^' [988..990]
│           ├── left: literal (int): 2 [988..988]
│           └── right: literal (int): 3 [990..990]
├── var (mut) [993..1002]
│   ├── name: identifier arithmetic12 [994..994]
│   └── value: binary: '^' [996..1001]
│       ├── left: unary prefix: '-' [997..998]
│       │   └── literal (int): 2 [998..998]
│       └── right: literal (int): 3 [1001..1001]
├── var (mut) [1003..1009]
│   ├── name: identifier range1 [1004..1004]
│   └── value: binary: '..' [1006..1008]
│       ├── left: literal (int): 1 [1006..1006]
│       └── right: literal (int): 10 [1008..1008]
├── var (mut) [1010..1016]
│   ├── name: identifier range2 [1011..1011]
│   └── value: binary: '..' [1013..1015]
│       ├── left: identifier start [1013..1013]
│       └── right: identifier end [1015..1015]
├── var (mut) [1017..1023]
│   ├── name: identifier concat1 [1018..1018]
│   └── value: binary: '~' [1020..1022]
│       ├── left: literal (string): "hello" [1020..1020]
│       └── right: literal (string): "world" [1022..1022]
├── var (mut) [1024..1032]
│   ├── name: identifier concat2 [1025..1025]
│   └── value: binary: '~' [1027..1031]
│       ├── left: binary: '~' [1027..1029]
│       │   ├── left: identifier a [1027..1027]
│       │   └── right: identifier b [1029..1029]
│       └── right: identifier c [1031..1031]
├── var (mut) [1033..1043]
│   ├── name: identifier rangeConcat [1034..1034]
│   └── value: binary: '~' [1036..1042]
│       ├── left: binary: '..' [1036..1038]
│       │   ├── left: literal (int): 1 [1036..1036]
│       │   └── right: literal (int): 10 [1038..1038]
│       └── right: binary: '..' [1040..1042]
│           ├── left: literal (int): 20 [1040..1040]
│           └── right: literal (int): 30 [1042..1042]
├── var (mut) [1044..1050]
│   ├── name: identifier cmp1 [1045..1045]
│   └── value: binary: '<' [1047..1049]
│       ├── left: identifier a [1047..1047]
│       └── right: identifier b [1049..1049]
├── var (mut) [1051..1057]
│   ├── name: identifier cmp2 [1052..1052]
│   └── value: binary: '<=' [1054..1056]
│       ├── left: identifier a [1054..1054]
│       └── right: identifier b [1056..1056]
├── var (mut) [1058..1064]
│   ├── name: identifier cmp3 [1059..1059]
│   └── value: binary: '>' [1061..1063]
│       ├── left: identifier a [1061..1061]
│       └── right: identifier b [1063..1063]
├── var (mut) [1065..1071]
│   ├── name: identifier cmp4 [1066..1066]
│   └── value: binary: '>=' [1068..1070]
│       ├── left: identifier a [1068..1068]
│       └── right: identifier b [1070..1070]
├── var (mut) [1072..1078]
│   ├── name: identifier cmp5 [1073..1073]
│   └── value: binary: '==' [1075..1077]
│       ├── left: identifier a [1075..1075]
│       └── right: identifier b [1077..1077]
├── var (mut) [1079..1085]
│   ├── name: identifier cmp6 [1080..1080]
│   └── value: binary: '!=' [1082..1084]
│       ├── left: identifier a [1082..1082]
│       └── right: identifier b [1084..1084]
├── var (mut) [1086..1092]
│   ├── name: identifier cmp7 [1087..1087]
│   └── value: binary: '≈' [1089..1091]
│       ├── left: identifier a [1089..1089]
│       └── right: identifier b [1091..1091]
├── var (mut) [1093..1099]
│   ├── name: identifier cmp8 [1094..1094]
│   └── value: binary: 'is' [1096..1098]
│       ├── left: identifier a [1096..1096]
│       └── right: identifier b [1098..1098]
├── var (mut) [1100..1106]
│   ├── name: identifier cmp9 [1101..1101]
│   └── value: binary: 'is not' [1103..1105]
│       ├── left: identifier a [1103..1103]
│       └── right: identifier b [1105..1105]
├── var (mut) [1107..1113]
│   ├── name: identifier cmp10 [1108..1108]
│   └── value: binary: 'in' [1110..1112]
│       ├── left: identifier a [1110..1110]
│       └── right: identifier collection [1112..1112]
├── var (mut) [1114..1120]
│   ├── name: identifier cmp11 [1115..1115]
│   └── value: binary: 'not in' [1117..1119]
│       ├── left: identifier a [1117..1117]
│       └── right: identifier collection [1119..1119]
├── var (mut) [1121..1129]
│   ├── name: identifier comparisonChain [1122..1122]
│   └── value: binary: '<' [1124..1128]
│       ├── left: binary: '<' [1124..1126]
│       │   ├── left: identifier a [1124..1124]
│       │   └── right: identifier b [1126..1126]
│       └── right: identifier c [1128..1128]
├── var (mut) [1130..1138]
│   ├── name: identifier comparisonMixed [1131..1131]
│   └── value: binary: 'is' [1133..1137]
│       ├── left: binary: '==' [1133..1135]
│       │   ├── left: identifier a [1133..1133]
│       │   └── right: identifier b [1135..1135]
│       └── right: identifier c [1137..1137]
├── var (mut) [1139..1145]
│   ├── name: identifier logic1 [1140..1140]
│   └── value: binary: '&&' [1142..1144]
│       ├── left: identifier a [1142..1142]
│       └── right: identifier b [1144..1144]
├── var (mut) [1146..1152]
│   ├── name: identifier logic2 [1147..1147]
│   └── value: binary: '||' [1149..1151]
│       ├── left: identifier a [1149..1149]
│       └── right: identifier b [1151..1151]
├── var (mut) [1153..1161]
│   ├── name: identifier logic3 [1154..1154]
│   └── value: binary: '||' [1156..1160]
│       ├── left: binary: '&&' [1156..1158]
│       │   ├── left: identifier a [1156..1156]
│       │   └── right: identifier b [1158..1158]
│       └── right: identifier c [1160..1160]
├── var (mut) [1162..1170]
│   ├── name: identifier logic4 [1163..1163]
│   └── value: binary: '||' [1165..1169]
│       ├── left: identifier a [1165..1165]
│       └── right: binary: '&&' [1167..1169]
│           ├── left: identifier b [1167..1167]
│           └── right: identifier c [1169..1169]
├── var (mut) [1171..1180]
│   ├── name: identifier logic5 [1172..1172]
│   └── value: unary prefix: '!' [1174..1179]
│       └── binary: '&&' [1176..1178]
│           ├── left: identifier a [1176..1176]
│           └── right: identifier b [1178..1178]
├── var (mut) [1181..1189]
│   ├── name: identifier logic6 [1182..1182]
│   └── value: binary: '||' [1184..1188]
│       ├── left: unary prefix: '!' [1184..1185]
│       │   └── identifier a [1185..1185]
│       └── right: unary prefix: '!' [1187..1188]
│           └── identifier b [1188..1188]
├── var (mut) [1190..1198]
│   ├── name: identifier ternary1 [1191..1191]
│   └── value: ternary [1193..1197]
│       ├── condition: identifier condition [1193..1193]
│       ├── then: identifier a [1195..1195]
│       └── else: identifier b [1197..1197]
├── var (mut) [1199..1207]
│   ├── name: identifier ternary2 [1200..1200]
│   └── value: ternary [1202..1206]
│       ├── condition: identifier condition [1202..1202]
│       ├── then: identifier trueValue [1204..1204]
│       └── else: identifier falseValue [1206..1206]
├── var (mut) [1208..1220]
│   ├── name: identifier ternaryNested [1209..1209]
│   └── value: ternary [1211..1219]
│       ├── condition: identifier a [1211..1211]
│       ├── then: identifier b [1213..1213]
│       └── else: ternary [1215..1219]
│           ├── condition: identifier c [1215..1215]
│           ├── then: identifier d [1217..1217]
│           └── else: identifier e [1219..1219]
├── var (mut) [1221..1241]
│   ├── name: identifier ternaryComplex [1222..1222]
│   └── value: ternary [1224..1240]
│       ├── condition: binary: '&&' [1224..1230]
│       │   ├── left: binary: '>' [1224..1226]
│       │   │   ├── left: identifier a [1224..1224]
│       │   │   └── right: identifier b [1226..1226]
│       │   └── right: binary: '<' [1228..1230]
│       │       ├── left: identifier c [1228..1228]
│       │       └── right: identifier d [1230..1230]
│       ├── then: call [1232..1235]
│       │   ├── callee: identifier foo [1232..1232]
│       │   └── arg: identifier bar [1234..1234]
│       └── else: call [1237..1240]
│           ├── callee: identifier baz [1237..1237]
│           └── arg: identifier qux [1239..1239]
├── var (mut) [1242..1248]
│   ├── name: identifier pipeline1 [1243..1243]
│   └── value: binary: '~>' [1245..1247]
│       ├── left: identifier value [1245..1245]
│       └── right: identifier foo [1247..1247]
├── var (mut) [1249..1257]
│   ├── name: identifier pipeline2 [1250..1250]
│   └── value: binary: '~>' [1252..1256]
│       ├── left: binary: '~>' [1252..1254]
│       │   ├── left: identifier value [1252..1252]
│       │   └── right: identifier foo [1254..1254]
│       └── right: identifier bar [1256..1256]
├── var (mut) [1258..1268]
│   ├── name: identifier pipeline3 [1259..1259]
│   └── value: binary: '~>' [1261..1267]
│       ├── left: binary: '~>' [1261..1265]
│       │   ├── left: binary: '~>' [1261..1263]
│       │   │   ├── left: identifier value [1261..1261]
│       │   │   └── right: identifier transform [1263..1263]
│       │   └── right: identifier filter [1265..1265]
│       └── right: identifier collect [1267..1267]
├── var (mut) [1269..1288]
│   ├── name: identifier pipeline4 [1270..1270]
│   └── value: binary: '~>' [1272..1287]
│       ├── left: binary: '~>' [1272..1282]
│       │   ├── left: binary: '~>' [1272..1277]
│       │   │   ├── left: identifier data [1272..1272]
│       │   │   └── right: call [1274..1277]
│       │   │       ├── callee: identifier map [1274..1274]
│       │   │       └── arg: identifier fn [1276..1276]
│       │   └── right: call [1279..1282]
│       │       ├── callee: identifier filter [1279..1279]
│       │       └── arg: identifier predicate [1281..1281]
│       └── right: call [1284..1287]
│           ├── callee: identifier reduce [1284..1284]
│           └── arg: identifier accumulator [1286..1286]
├── var (mut) [1289..1297]
│   ├── name: identifier precedence1 [1290..1290]
│   └── value: binary: '+' [1292..1296]
│       ├── left: identifier a [1292..1292]
│       └── right: binary: '*' [1294..1296]
│           ├── left: identifier b [1294..1294]
│           └── right: identifier c [1296..1296]
├── var (mut) [1298..1306]
│   ├── name: identifier precedence2 [1299..1299]
│   └── value: binary: '+' [1301..1305]
│       ├── left: binary: '*' [1301..1303]
│       │   ├── left: identifier a [1301..1301]
│       │   └── right: identifier b [1303..1303]
│       └── right: identifier c [1305..1305]
├── var (mut) [1307..1317]
│   ├── name: identifier precedence3 [1308..1308]
│   └── value: binary: '+' [1310..1316]
│       ├── left: identifier a [1310..1310]
│       └── right: binary: '*' [1312..1316]
│           ├── left: identifier b [1312..1312]
│           └── right: binary: '^' [1314..1316]
│               ├── left: identifier c [1314..1314]
│               └── right: identifier d [1316..1316]
├── var (mut) [1318..1330]
│   ├── name: identifier precedence4 [1319..1319]
│   └── value: binary: '~' [1321..1329]
│       ├── left: binary: '..' [1321..1323]
│       │   ├── left: identifier a [1321..1321]
│       │   └── right: identifier b [1323..1323]
│       └── right: binary: '+' [1325..1329]
│           ├── left: identifier c [1325..1325]
│           └── right: binary: '*' [1327..1329]
│               ├── left: identifier d [1327..1327]
│               └── right: identifier e [1329..1329]
├── var (mut) [1331..1343]
│   ├── name: identifier precedence5 [1332..1332]
│   └── value: binary: '||' [1334..1342]
│       ├── left: binary: '&&' [1334..1340]
│       │   ├── left: binary: '<' [1334..1336]
│       │   │   ├── left: identifier a [1334..1334]
│       │   │   └── right: identifier b [1336..1336]
│       │   └── right: binary: '==' [1338..1340]
│       │       ├── left: identifier c [1338..1338]
│       │       └── right: identifier d [1340..1340]
│       └── right: identifier e [1342..1342]
├── var (mut) [1344..1356]
│   ├── name: identifier precedence6 [1345..1345]
│   └── value: ternary [1347..1355]
│       ├── condition: identifier a [1347..1347]
│       ├── then: identifier b [1349..1349]
│       └── else: ternary [1351..1355]
│           ├── condition: identifier c [1351..1351]
│           ├── then: identifier d [1353..1353]
│           └── else: identifier e [1355..1355]
├── var (mut) [1357..1367]
│   ├── name: identifier precedence7 [1358..1358]
│   └── value: binary: '~>' [1360..1366]
│       ├── left: identifier a [1360..1360]
│       └── right: ternary [1362..1366]
│           ├── condition: identifier b [1362..1362]
│           ├── then: identifier c [1364..1364]
│           └── else: identifier d [1366..1366]
├── var (mut) [1368..1377]
│   ├── name: identifier precedence8 [1369..1369]
│   └── value: binary: '+' [1371..1376]
│       ├── left: binary: '*' [1371..1374]
│       │   ├── left: unary prefix: '-' [1371..1372]
│       │   │   └── identifier a [1372..1372]
│       │   └── right: identifier b [1374..1374]
│       └── right: identifier c [1376..1376]
├── var (mut) [1378..1387]
│   ├── name: identifier precedence9 [1379..1379]
│   └── value: binary: '||' [1381..1386]
│       ├── left: binary: '&&' [1381..1384]
│       │   ├── left: unary prefix: '!' [1381..1382]
│       │   │   └── identifier a [1382..1382]
│       │   └── right: identifier b [1384..1384]
│       └── right: identifier c [1386..1386]
├── assign: '=' [1388..1391]
│   ├── target: identifier x [1388..1388]
│   └── value: literal (int): 1 [1390..1390]
├── assign: '=' [1392..1397]
│   ├── target: access [1392..1394]
│   │   ├── object: identifier foo [1392..1392]
│   │   └── member: identifier bar [1394..1394]
│   └── value: literal (int): 2 [1396..1396]
├── assign: '=' [1398..1404]
│   ├── target: index [1398..1401]
│   │   ├── object: identifier foo [1398..1398]
│   │   └── index: literal (int): 0 [1400..1400]
│   └── value: literal (int): 3 [1403..1403]
├── assign: '+' [1405..1408]
│   ├── target: identifier x [1405..1405]
│   └── value: literal (int): 1 [1407..1407]
├── assign: '-' [1409..1412]
│   ├── target: identifier x [1409..1409]
│   └── value: literal (int): 2 [1411..1411]
├── assign: '*' [1413..1416]
│   ├── target: identifier x [1413..1413]
│   └── value: literal (int): 3 [1415..1415]
├── assign: '/' [1417..1420]
│   ├── target: identifier x [1417..1417]
│   └── value: literal (int): 4 [1419..1419]
├── assign: '+' [1421..1426]
│   ├── target: access [1421..1423]
│   │   ├── object: identifier object [1421..1421]
│   │   └── member: identifier value [1423..1423]
│   └── value: identifier delta [1425..1425]
├── assign: '-' [1427..1433]
│   ├── target: index [1427..1430]
│   │   ├── object: identifier array [1427..1427]
│   │   └── index: identifier index [1429..1429]
│   └── value: identifier amount [1432..1432]
├── assign: '=' [1434..1441]
│   ├── target: access [1434..1438]
│   │   ├── object: call [1434..1436]
│   │   │   └── callee: identifier foo [1434..1434]
│   │   └── member: identifier bar [1438..1438]
│   └── value: identifier value [1440..1440]
├── exprStmt [1442..1445]
│   └── call [1442..1444]
│       └── callee: identifier foo [1442..1442]
├── exprStmt [1446..1451]
│   └── call [1446..1450]
│       └── callee: access [1446..1448]
│           ├── object: identifier bar [1446..1446]
│           └── member: identifier baz [1448..1448]
├── exprStmt [1452..1460]
│   └── call [1452..1459]
│       ├── callee: access [1452..1454]
│       │   ├── object: identifier object [1452..1452]
│       │   └── member: identifier method [1454..1454]
│       ├── arg: identifier arg1 [1456..1456]
│       └── arg: identifier arg2 [1458..1458]
├── exprStmt [1461..1464]
│   └── binary: '+' [1461..1463]
│       ├── left: literal (int): 1 [1461..1461]
│       └── right: literal (int): 2 [1463..1463]
├── exprStmt [1465..1470]
│   └── binary: '+' [1465..1469]
│       ├── left: identifier foo [1465..1465]
│       └── right: binary: '*' [1467..1469]
│           ├── left: identifier bar [1467..1467]
│           └── right: identifier baz [1469..1469]
├── exprStmt [1471..1478]
│   └── call [1471..1477]
│       ├── callee: identifier someFunction [1471..1471]
│       └── arg: call [1473..1476]
│           ├── callee: identifier nestedFunction [1473..1473]
│           └── arg: identifier value [1475..1475]
├── exprStmt [1479..1481]
│   └── unary postfix: '++' [1479..1480]
│       └── identifier x [1479..1479]
├── exprStmt [1482..1484]
│   └── unary postfix: '--' [1482..1483]
│       └── identifier x [1482..1482]
├── exprStmt [1485..1487]
│   └── unary postfix: '++' [1485..1486]
│       └── identifier foo [1485..1485]
├── exprStmt [1488..1492]
│   └── unary postfix: '--' [1488..1491]
│       └── access [1488..1490]
│           ├── object: identifier foo [1488..1488]
│           └── member: identifier bar [1490..1490]
├── func empty [1493..1498]
├── func noParams [1499..1506]
│   └── body
│       └── return [1504..1505]
├── func oneParam [1507..1516]
│   ├── param: parameter x [1510..1510]
│   └── body
│       └── return [1513..1515]
│           └── identifier x [1514..1514]
├── func typedParam [1517..1528]
│   ├── param: parameter x [1520..1522]
│   │   └── hint: identifier int [1522..1522]
│   └── body
│       └── return [1525..1527]
│           └── identifier x [1526..1526]
├── func defaultParam [1529..1540]
│   ├── param: parameter x [1532..1534]
│   │   └── default: literal (int): 123 [1534..1534]
│   └── body
│       └── return [1537..1539]
│           └── identifier x [1538..1538]
├── func typedDefault [1541..1554]
│   ├── param: parameter x [1544..1548]
│   │   ├── hint: identifier int [1546..1546]
│   │   └── default: literal (int): 123 [1548..1548]
│   └── body
│       └── return [1551..1553]
│           └── identifier x [1552..1552]
├── func manyParams [1555..1579]
│   ├── param: parameter a [1558..1558]
│   ├── param: parameter b [1560..1562]
│   │   └── hint: identifier int [1562..1562]
│   ├── param: parameter c [1564..1566]
│   │   └── default: literal (string): "hello" [1566..1566]
│   ├── param: parameter d [1568..1572]
│   │   ├── hint: identifier string [1570..1570]
│   │   └── default: literal (string): "world" [1572..1572]
│   └── body
│       └── return [1576..1578]
│           └── identifier a [1577..1577]
├── func returnsValue [1580..1595]
│   ├── param: parameter x [1583..1585]
│   │   └── hint: identifier int [1585..1585]
│   ├── returns: identifier int [1588..1588]
│   └── body
│       └── return [1590..1594]
│           └── binary: '*' [1591..1593]
│               ├── left: identifier x [1591..1591]
│               └── right: literal (int): 2 [1593..1593]
├── func complexFunction [1596..1632]
│   ├── param: parameter input [1599..1604]
│   │   └── hint: generic [1601..1604]
│   │       ├── base: identifier List [1601..1601]
│   │       └── arg: identifier int [1603..1603]
│   ├── param: parameter fallback [1606..1610]
│   │   ├── hint: identifier string [1608..1608]
│   │   └── default: literal (string): "none" [1610..1610]
│   ├── returns: optional [1614..1620]
│   │   └── generic [1614..1619]
│   │       ├── base: identifier Result [1614..1614]
│   │       ├── arg: identifier string [1616..1616]
│   │       └── arg: identifier Error [1618..1618]
│   └── body
│       ├── if [1622..1628]
│       │   └── if
│       │       ├── condition: identifier input [1623..1623]
│       │       └── body
│       │           └── return [1625..1627]
│       │               └── literal (string): "ok" [1626..1626]
│       └── return [1629..1631]
│           └── null [1630..1630]
├── var (mut) [1633..1644]
│   ├── name: identifier lambda0 [1634..1634]
│   └── value: lambda [1636..1643]
│       └── body
│           └── return [1640..1642]
│               └── literal (int): 42 [1641..1641]
├── var (mut) [1645..1657]
│   ├── name: identifier lambda1 [1646..1646]
│   └── value: lambda [1648..1656]
│       ├── param: parameter x [1649..1649]
│       └── body
│           └── return [1653..1655]
│               └── identifier x [1654..1654]
├── var (mut) [1658..1674]
│   ├── name: identifier lambda2 [1659..1659]
│   └── value: lambda [1661..1673]
│       ├── param: parameter x [1662..1662]
│       ├── param: parameter y [1664..1664]
│       └── body
│           └── return [1668..1672]
│               └── binary: '+' [1669..1671]
│                   ├── left: identifier x [1669..1669]
│                   └── right: identifier y [1671..1671]
├── var (mut) [1675..1700]
│   ├── name: identifier lambda3 [1676..1676]
│   └── value: lambda [1678..1699]
│       ├── param: parameter x [1679..1681]
│       │   └── hint: identifier int [1681..1681]
│       ├── param: parameter y [1683..1687]
│       │   ├── hint: identifier int [1685..1685]
│       │   └── default: literal (int): 10 [1687..1687]
│       ├── returns: identifier int [1691..1691]
│       └── body
│           └── return [1694..1698]
│               └── binary: '+' [1695..1697]
│                   ├── left: identifier x [1695..1695]
│                   └── right: identifier y [1697..1697]
├── var (mut) [1701..1723]
│   ├── name: identifier lambdaNested [1702..1702]
│   └── value: lambda [1704..1722]
│       ├── param: parameter x [1705..1705]
│       └── body
│           └── return [1709..1721]
│               └── lambda [1710..1720]
│                   ├── param: parameter y [1711..1711]
│                   └── body
│                       └── return [1715..1719]
│                           └── binary: '+' [1716..1718]
│                               ├── left: identifier x [1716..1716]
│                               └── right: identifier y [1718..1718]
├── var (mut) [1724..1743]
│   ├── name: identifier lambdaCall [1725..1725]
│   └── value: call [1727..1742]
│       ├── callee: lambda [1728..1738]
│       │   ├── param: parameter x [1729..1729]
│       │   └── body
│       │       └── return [1733..1737]
│       │           └── binary: '*' [1734..1736]
│       │               ├── left: identifier x [1734..1734]
│       │               └── right: literal (int): 2 [1736..1736]
│       └── arg: literal (int): 10 [1741..1741]
├── if [1744..1751]
│   └── if
│       ├── condition: literal (bool): true [1745..1745]
│       └── body
│           └── exprStmt [1747..1750]
│               └── call [1747..1749]
│                   └── callee: identifier foo [1747..1747]
├── if [1752..1766]
│   ├── if
│   │   ├── condition: identifier condition [1753..1753]
│   │   └── body
│   │       └── exprStmt [1755..1758]
│   │           └── call [1755..1757]
│   │               └── callee: identifier foo [1755..1755]
│   └── else
│       └── exprStmt [1762..1765]
│           └── call [1762..1764]
│               └── callee: identifier bar [1762..1762]
├── if [1767..1797]
│   ├── if
│   │   ├── condition: identifier a [1768..1768]
│   │   └── body
│   │       └── exprStmt [1770..1773]
│   │           └── call [1770..1772]
│   │               └── callee: identifier foo [1770..1770]
│   ├── elif
│   │   ├── condition: identifier b [1776..1776]
│   │   └── body
│   │       └── exprStmt [1778..1781]
│   │           └── call [1778..1780]
│   │               └── callee: identifier bar [1778..1778]
│   ├── elif
│   │   ├── condition: identifier c [1784..1784]
│   │   └── body
│   │       └── exprStmt [1786..1789]
│   │           └── call [1786..1788]
│   │               └── callee: identifier baz [1786..1786]
│   └── else
│       └── exprStmt [1793..1796]
│           └── call [1793..1795]
│               └── callee: identifier qux [1793..1793]
├── if [1798..1828]
│   ├── if
│   │   ├── condition: binary: '||' [1799..1803]
│   │   │   ├── left: binary: '&&' [1799..1801]
│   │   │   │   ├── left: identifier a [1799..1799]
│   │   │   │   └── right: identifier b [1801..1801]
│   │   │   └── right: identifier c [1803..1803]
│   │   └── body
│   │       └── if [1805..1819]
│   │           ├── if
│   │           │   ├── condition: identifier nested [1806..1806]
│   │           │   └── body
│   │           │       └── exprStmt [1808..1811]
│   │           │           └── call [1808..1810]
│   │           │               └── callee: identifier foo [1808..1808]
│   │           └── else
│   │               └── exprStmt [1815..1818]
│   │                   └── call [1815..1817]
│   │                       └── callee: identifier bar [1815..1815]
│   └── elif
│       ├── condition: identifier fallback [1822..1822]
│       └── body
│           └── exprStmt [1824..1827]
│               └── call [1824..1826]
│                   └── callee: identifier baz [1824..1824]
├── while [1829..1836]
│   ├── condition: literal (bool): true [1830..1830]
│   └── body
│       └── exprStmt [1832..1835]
│           └── call [1832..1834]
│               └── callee: identifier foo [1832..1832]
├── while [1837..1858]
│   ├── condition: binary: '&&' [1838..1840]
│   │   ├── left: identifier condition [1838..1838]
│   │   └── right: identifier otherCondition [1840..1840]
│   └── body
│       ├── if [1842..1847]
│       │   └── if
│       │       ├── condition: identifier shouldBreak [1843..1843]
│       │       └── body
│       │           └── break [1845..1845]
│       ├── if [1848..1853]
│       │   └── if
│       │       ├── condition: identifier shouldContinue [1849..1849]
│       │       └── body
│       │           └── continue [1851..1851]
│       └── exprStmt [1854..1857]
│           └── call [1854..1856]
│               └── callee: identifier work [1854..1854]
├── for [1859..1869]
│   ├── variable: identifier item [1860..1860]
│   ├── in: identifier items [1862..1862]
│   └── body
│       └── exprStmt [1864..1868]
│           └── call [1864..1867]
│               ├── callee: identifier process [1864..1864]
│               └── arg: identifier item [1866..1866]
├── for [1870..1886]
│   ├── variable: list [1871..1875]
│   │   ├── identifier a [1872..1872]
│   │   └── identifier b [1874..1874]
│   ├── in: identifier pairs [1877..1877]
│   └── body
│       └── exprStmt [1879..1885]
│           └── call [1879..1884]
│               ├── callee: identifier process [1879..1879]
│               ├── arg: identifier a [1881..1881]
│               └── arg: identifier b [1883..1883]
├── for [1887..1903]
│   ├── variable: dict [1888..1892]
│   │   └── pair
│   │       ├── key: identifier key [1889..1889]
│   │       └── value: identifier value [1891..1891]
│   ├── in: identifier objects [1894..1894]
│   └── body
│       └── exprStmt [1896..1902]
│           └── call [1896..1901]
│               ├── callee: identifier process [1896..1896]
│               ├── arg: identifier key [1898..1898]
│               └── arg: identifier value [1900..1900]
├── for [1904..1920]
│   ├── variable: set [1905..1909]
│   │   ├── identifier a [1906..1906]
│   │   └── identifier b [1908..1908]
│   ├── in: identifier sets [1911..1911]
│   └── body
│       └── exprStmt [1913..1919]
│           └── call [1913..1918]
│               ├── callee: identifier process [1913..1913]
│               ├── arg: identifier a [1915..1915]
│               └── arg: identifier b [1917..1917]
├── for [1921..1933]
│   ├── variable: identifier item [1922..1922]
│   ├── in: binary: '..' [1924..1926]
│   │   ├── left: literal (int): 1 [1924..1924]
│   │   └── right: literal (int): 100 [1926..1926]
│   └── body
│       └── exprStmt [1928..1932]
│           └── call [1928..1931]
│               ├── callee: identifier process [1928..1928]
│               └── arg: identifier item [1930..1930]
├── watch [1934..1942]
│   ├── target: identifier value [1935..1935]
│   └── body
│       └── exprStmt [1937..1941]
│           └── call [1937..1940]
│               ├── callee: identifier echo [1937..1937]
│               └── arg: identifier value [1939..1939]
├── watch [1943..1950]
│   ├── target: identifier object [1944..1944]
│   └── body
│       └── exprStmt [1946..1949]
│           └── call [1946..1948]
│               └── callee: identifier update [1946..1946]
├── match [1951..1998]
│   ├── subject: identifier value [1952..1952]
│   ├── case
│   │   ├── pattern: literal (int): 1 [1955..1955]
│   │   └── body
│   │       └── exprStmt [1957..1960]
│   │           └── call [1957..1959]
│   │               └── callee: identifier one [1957..1957]
│   ├── case
│   │   ├── pattern: literal (int): 2 [1963..1963]
│   │   ├── pattern: literal (int): 3 [1965..1965]
│   │   └── body
│   │       └── exprStmt [1967..1970]
│   │           └── call [1967..1969]
│   │               └── callee: identifier twoOrThree [1967..1967]
│   ├── case
│   │   ├── pattern: literal (int): 4 [1973..1973]
│   │   ├── guard: identifier condition [1975..1975]
│   │   └── body
│   │       └── exprStmt [1977..1980]
│   │           └── call [1977..1979]
│   │               └── callee: identifier four [1977..1977]
│   └── case
│       ├── pattern: literal (int): 5 [1983..1983]
│       ├── pattern: literal (int): 6 [1985..1985]
│       ├── pattern: literal (int): 7 [1987..1987]
│       ├── guard: binary: '>' [1989..1991]
│       │   ├── left: identifier x [1989..1989]
│       │   └── right: literal (int): 10 [1991..1991]
│       └── body
│           └── exprStmt [1993..1996]
│               └── call [1993..1995]
│                   └── callee: identifier fiveToSeven [1993..1993]
├── match [1999..2035]
│   ├── subject: access [2000..2002]
│   │   ├── object: identifier complex [2000..2000]
│   │   └── member: identifier value [2002..2002]
│   ├── case
│   │   ├── pattern: null [2005..2005]
│   │   └── body
│   │       └── exprStmt [2007..2010]
│   │           └── call [2007..2009]
│   │               └── callee: identifier handleNull [2007..2007]
│   ├── case
│   │   ├── pattern: literal (bool): true [2013..2013]
│   │   ├── pattern: literal (bool): false [2015..2015]
│   │   └── body
│   │       └── exprStmt [2017..2020]
│   │           └── call [2017..2019]
│   │               └── callee: identifier handleBool [2017..2017]
│   └── case
│       ├── pattern: identifier x [2023..2023]
│       ├── guard: binary: '>' [2025..2027]
│       │   ├── left: identifier x [2025..2025]
│       │   └── right: literal (int): 100 [2027..2027]
│       └── body
│           └── exprStmt [2029..2033]
│               └── call [2029..2032]
│                   ├── callee: identifier handleLarge [2029..2029]
│                   └── arg: identifier x [2031..2031]
├── try [2036..2049]
│   ├── body
│   │   └── exprStmt [2038..2041]
│   │       └── call [2038..2040]
│   │           └── callee: identifier risky [2038..2038]
│   └── catch
│       └── body
│           └── exprStmt [2045..2048]
│               └── call [2045..2047]
│                   └── callee: identifier recover [2045..2045]
├── try [2050..2064]
│   ├── body
│   │   └── exprStmt [2052..2055]
│   │       └── call [2052..2054]
│   │           └── callee: identifier risky [2052..2052]
│   └── catch
│       ├── type: identifier Error [2058..2058]
│       └── body
│           └── exprStmt [2060..2063]
│               └── call [2060..2062]
│                   └── callee: identifier handleError [2060..2060]
├── try [2065..2082]
│   ├── body
│   │   └── exprStmt [2067..2070]
│   │       └── call [2067..2069]
│   │           └── callee: identifier risky [2067..2067]
│   └── catch
│       ├── type: identifier Error [2073..2073]
│       ├── as: identifier e [2075..2075]
│       └── body
│           └── exprStmt [2077..2081]
│               └── call [2077..2080]
│                   ├── callee: identifier handle [2077..2077]
│                   └── arg: identifier e [2079..2079]
├── try [2083..2107]
│   ├── body
│   │   └── exprStmt [2085..2088]
│   │       └── call [2085..2087]
│   │           └── callee: identifier risky [2085..2085]
│   ├── catch
│   │   ├── type: identifier Error [2091..2091]
│   │   ├── as: identifier e [2093..2093]
│   │   └── body
│   │       └── exprStmt [2095..2099]
│   │           └── call [2095..2098]
│   │               ├── callee: identifier handle [2095..2095]
│   │               └── arg: identifier e [2097..2097]
│   └── catch
│       └── body
│           └── exprStmt [2103..2106]
│               └── call [2103..2105]
│                   └── callee: identifier fallback [2103..2103]
├── try [2108..2132]
│   ├── body
│   │   └── exprStmt [2110..2113]
│   │       └── call [2110..2112]
│   │           └── callee: identifier risky [2110..2110]
│   ├── catch
│   │   ├── type: identifier Error [2116..2116]
│   │   ├── as: identifier error [2118..2118]
│   │   └── body
│   │       └── exprStmt [2120..2124]
│   │           └── call [2120..2123]
│   │               ├── callee: identifier handle [2120..2120]
│   │               └── arg: identifier error [2122..2122]
│   └── finally
│       └── exprStmt [2128..2131]
│           └── call [2128..2130]
│               └── callee: identifier cleanup [2128..2128]
├── try [2133..2146]
│   ├── body
│   │   └── exprStmt [2135..2138]
│   │       └── call [2135..2137]
│   │           └── callee: identifier risky [2135..2135]
│   └── finally
│       └── exprStmt [2142..2145]
│           └── call [2142..2144]
│               └── callee: identifier cleanup [2142..2142]
├── func controlFlow [2147..2188]
│   ├── param: parameter x [2150..2150]
│   └── body
│       ├── while [2153..2184]
│       │   ├── condition: literal (bool): true [2154..2154]
│       │   └── body
│       │       ├── if [2156..2164]
│       │       │   └── if
│       │       │       ├── condition: binary: '<' [2157..2159]
│       │       │       │   ├── left: identifier x [2157..2157]
│       │       │       │   └── right: literal (int): 0 [2159..2159]
│       │       │       └── body
│       │       │           └── throw [2161..2161]
│       │       │               └── identifier Error [2162..2162]
│       │       ├── if [2165..2172]
│       │       │   └── if
│       │       │       ├── condition: binary: '==' [2166..2168]
│       │       │       │   ├── left: identifier x [2166..2166]
│       │       │       │   └── right: literal (int): 0 [2168..2168]
│       │       │       └── body
│       │       │           └── continue [2170..2170]
│       │       ├── if [2173..2180]
│       │       │   └── if
│       │       │       ├── condition: binary: '>' [2174..2176]
│       │       │       │   ├── left: identifier x [2174..2174]
│       │       │       │   └── right: literal (int): 100 [2176..2176]
│       │       │       └── body
│       │       │           └── break [2178..2178]
│       │       └── return [2181..2183]
│       │           └── identifier x [2182..2182]
│       └── return [2185..2187]
│           └── null [2186..2186]
├── class EmptyClass [2189..2192]
├── class BasicClass [2193..2213]
│   ├── fields
│   │   ├── var (mut) [2196..2198]
│   │   │   └── name: identifier value [2197..2197]
│   │   └── var [2199..2203]
│   │       ├── name: identifier immutable [2200..2200]
│   │       └── value: literal (int): 123 [2202..2202]
│   └── methods
│       └── func getValue [2204..2212]
│           └── body
│               └── return [2209..2211]
│                   └── identifier value [2210..2210]
├── class TypedClass [2214..2266]
│   ├── fields
│   │   ├── var (mut) [2217..2223]
│   │   │   ├── name: identifier name [2218..2218]
│   │   │   ├── hint: identifier string [2220..2220]
│   │   │   └── value: literal (string): "default" [2222..2222]
│   │   └── var (mut) [2224..2230]
│   │       ├── name: identifier count [2225..2225]
│   │       ├── hint: identifier int [2227..2227]
│   │       └── value: literal (int): 0 [2229..2229]
│   ├── methods
│   │   └── func increment [2248..2265]
│   │       ├── param: parameter amount [2251..2253]
│   │       │   └── hint: identifier int [2253..2253]
│   │       ├── returns: identifier int [2256..2256]
│   │       └── body
│   │           ├── assign: '+' [2258..2261]
│   │           │   ├── target: identifier count [2258..2258]
│   │           │   └── value: identifier amount [2260..2260]
│   │           └── return [2262..2264]
│   │               └── identifier count [2263..2263]
│   ├── watchers
│   │   └── watch [2240..2247]
│   │       ├── target: identifier count [2241..2241]
│   │       └── body
│   │           └── exprStmt [2243..2246]
│   │               └── call [2243..2245]
│   │                   └── callee: identifier onCountChanged [2243..2243]
│   └── derived
│       └── derived doubled [2231..2239]
│           ├── hint: identifier int [2234..2234]
│           └── value: binary: '*' [2236..2238]
│               ├── left: identifier count [2236..2236]
│               └── right: literal (int): 2 [2238..2238]
├── class Child [2267..2328]
│   ├── parent: identifier Parent [2270..2270]
│   ├── fields
│   │   └── var (mut) [2272..2278]
│   │       ├── name: identifier childValue [2273..2273]
│   │       ├── hint: identifier string [2275..2275]
│   │       └── value: literal (string): "child" [2277..2277]
│   ├── methods
│   │   ├── func method [2296..2311]
│   │   │   ├── param: parameter x [2299..2301]
│   │   │   │   └── hint: identifier int [2301..2301]
│   │   │   ├── returns: identifier int [2304..2304]
│   │   │   └── body
│   │   │       └── return [2306..2310]
│   │   │           └── binary: '+' [2307..2309]
│   │   │               ├── left: identifier x [2307..2307]
│   │   │               └── right: literal (int): 1 [2309..2309]
│   │   └── func another [2312..2327]
│   │       ├── param: parameter a [2315..2315]
│   │       ├── param: parameter b [2317..2319]
│   │       │   └── default: literal (int): 10 [2319..2319]
│   │       └── body
│   │           └── return [2322..2326]
│   │               └── binary: '+' [2323..2325]
│   │                   ├── left: identifier a [2323..2323]
│   │                   └── right: identifier b [2325..2325]
│   ├── watchers
│   │   └── watch [2288..2295]
│   │       ├── target: identifier childValue [2289..2289]
│   │       └── body
│   │           └── exprStmt [2291..2294]
│   │               └── call [2291..2293]
│   │                   └── callee: identifier notify [2291..2291]
│   └── derived
│       └── derived computed [2279..2287]
│           ├── hint: identifier int [2282..2282]
│           └── value: access [2284..2286]
│               ├── object: identifier childValue [2284..2284]
│               └── member: identifier length [2286..2286]
├── class Complex [2329..2458]
│   ├── parent: identifier Base [2332..2332]
│   ├── fields
│   │   ├── var (mut) [2334..2338]
│   │   │   ├── name: identifier simple [2335..2335]
│   │   │   └── value: literal (int): 1 [2337..2337]
│   │   ├── var (mut) [2339..2354]
│   │   │   ├── name: identifier typed [2340..2340]
│   │   │   ├── hint: generic [2342..2345]
│   │   │   │   ├── base: identifier List [2342..2342]
│   │   │   │   └── arg: identifier int [2344..2344]
│   │   │   └── value: list [2347..2353]
│   │   │       ├── literal (int): 1 [2348..2348]
│   │   │       ├── literal (int): 2 [2350..2350]
│   │   │       └── literal (int): 3 [2352..2352]
│   │   └── var [2355..2371]
│   │       ├── name: identifier config [2356..2356]
│   │       ├── hint: generic [2358..2363]
│   │       │   ├── base: identifier Map [2358..2358]
│   │       │   ├── arg: identifier string [2360..2360]
│   │       │   └── arg: identifier string [2362..2362]
│   │       └── value: dict [2365..2370]
│   │           └── pair
│   │               ├── key: literal (string): "mode" [2366..2366]
│   │               └── value: literal (string): "test" [2368..2368]
│   ├── methods
│   │   └── func calculate [2402..2457]
│   │       ├── param: parameter x [2405..2407]
│   │       │   └── hint: identifier int [2407..2407]
│   │       ├── param: parameter y [2409..2413]
│   │       │   ├── hint: identifier int [2411..2411]
│   │       │   └── default: literal (int): 0 [2413..2413]
│   │       ├── returns: identifier int [2417..2417]
│   │       └── body
│   │           └── try [2419..2456]
│   │               ├── body
│   │               │   ├── if [2421..2429]
│   │               │   │   └── if
│   │               │   │       ├── condition: binary: '==' [2422..2424]
│   │               │   │       │   ├── left: identifier x [2422..2422]
│   │               │   │       │   └── right: literal (int): 0 [2424..2424]
│   │               │   │       └── body
│   │               │   │           └── throw [2426..2426]
│   │               │   │               └── identifier Error [2427..2427]
│   │               │   └── return [2430..2434]
│   │               │       └── binary: '/' [2431..2433]
│   │               │           ├── left: identifier x [2431..2431]
│   │               │           └── right: identifier y [2433..2433]
│   │               ├── catch
│   │               │   ├── type: identifier Error [2437..2437]
│   │               │   ├── as: identifier e [2439..2439]
│   │               │   └── body
│   │               │       ├── exprStmt [2441..2445]
│   │               │       │   └── call [2441..2444]
│   │               │       │       ├── callee: identifier log [2441..2441]
│   │               │       │       └── arg: identifier e [2443..2443]
│   │               │       └── return [2446..2448]
│   │               │           └── literal (int): 0 [2447..2447]
│   │               └── finally
│   │                   └── exprStmt [2452..2455]
│   │                       └── call [2452..2454]
│   │                           └── callee: identifier cleanup [2452..2452]
│   ├── watchers
│   │   └── watch [2381..2401]
│   │       ├── target: identifier simple [2382..2382]
│   │       └── body
│   │           └── if [2384..2400]
│   │               ├── if
│   │               │   ├── condition: binary: '>' [2385..2387]
│   │               │   │   ├── left: identifier simple [2385..2385]
│   │               │   │   └── right: literal (int): 10 [2387..2387]
│   │               │   └── body
│   │               │       └── exprStmt [2389..2392]
│   │               │           └── call [2389..2391]
│   │               │               └── callee: identifier notify [2389..2389]
│   │               └── else
│   │                   └── exprStmt [2396..2399]
│   │                       └── call [2396..2398]
│   │                           └── callee: identifier ignore [2396..2396]
│   └── derived
│       └── derived value [2372..2380]
│           ├── hint: union [2375..2377]
│           │   ├── identifier int [2375..2375]
│           │   └── identifier string [2377..2377]
│           └── value: identifier simple [2379..2379]
├── if [2459..2510]
│   └── if
│       ├── condition: identifier outer [2460..2460]
│       └── body
│           └── while [2462..2509]
│               ├── condition: identifier middle [2463..2463]
│               └── body
│                   └── for [2465..2508]
│                       ├── variable: identifier item [2466..2466]
│                       ├── in: identifier collection [2468..2468]
│                       └── body
│                           └── if [2470..2507]
│                               └── if
│                                   ├── condition: identifier item [2471..2471]
│                                   └── body
│                                       └── try [2473..2506]
│                                           ├── body
│                                           │   └── exprStmt [2475..2494]
│                                           │       └── call [2475..2493]
│                                           │           ├── callee: identifier functionCall [2475..2475]
│                                           │           └── arg: call [2477..2492]
│                                           │               ├── callee: access [2477..2479]
│                                           │               │   ├── object: identifier object [2477..2477]
│                                           │               │   └── member: identifier method [2479..2479]
│                                           │               └── arg: index [2481..2491]
│                                           │                   ├── object: list [2481..2488]
│                                           │                   │   ├── literal (int): 1 [2482..2482]
│                                           │                   │   ├── literal (int): 2 [2484..2484]
│                                           │                   │   └── literal (int): 3 [2486..2486]
│                                           │                   └── index: literal (int): 0 [2490..2490]
│                                           └── catch
│                                               ├── type: identifier Error [2497..2497]
│                                               ├── as: identifier e [2499..2499]
│                                               └── body
│                                                   └── exprStmt [2501..2505]
│                                                       └── call [2501..2504]
│                                                           ├── callee: identifier handle [2501..2501]
│                                                           └── arg: identifier e [2503..2503]
├── var (mut) [2511..2534]
│   ├── name: identifier weird1 [2512..2512]
│   └── value: slice [2514..2533]
│       ├── object: call [2514..2526]
│       │   ├── callee: access [2514..2523]
│       │   │   ├── object: index [2514..2521]
│       │   │   │   ├── object: call [2514..2518]
│       │   │   │   │   └── callee: access [2514..2516]
│       │   │   │   │       ├── object: identifier foo [2514..2514]
│       │   │   │   │       └── member: identifier bar [2516..2516]
│       │   │   │   └── index: literal (int): 0 [2520..2520]
│       │   │   └── member: identifier baz [2523..2523]
│       │   └── arg: identifier qux [2525..2525]
│       ├── start: literal (int): 1 [2528..2528]
│       ├── stop: literal (int): 10 [2530..2530]
│       └── step: literal (int): 2 [2532..2532]
├── var (mut) [2535..2557]
│   ├── name: identifier weird2 [2536..2536]
│   └── value: binary: '^' [2538..2556]
│       ├── left: binary: '*' [2539..2549]
│       │   ├── left: binary: '+' [2540..2542]
│       │   │   ├── left: identifier a [2540..2540]
│       │   │   └── right: identifier b [2542..2542]
│       │   └── right: binary: '-' [2546..2548]
│       │       ├── left: identifier c [2546..2546]
│       │       └── right: identifier d [2548..2548]
│       └── right: binary: '/' [2553..2555]
│           ├── left: identifier e [2553..2553]
│           └── right: identifier f [2555..2555]
├── var (mut) [2558..2581]
│   ├── name: identifier weird3 [2559..2559]
│   └── value: binary: '||' [2561..2580]
│       ├── left: unary prefix: '!' [2561..2574]
│       │   └── binary: '&&' [2563..2573]
│       │       ├── left: binary: '==' [2564..2566]
│       │       │   ├── left: identifier a [2564..2564]
│       │       │   └── right: identifier b [2566..2566]
│       │       └── right: binary: '!=' [2570..2572]
│       │           ├── left: identifier c [2570..2570]
│       │           └── right: identifier d [2572..2572]
│       └── right: binary: 'in' [2577..2579]
│           ├── left: identifier x [2577..2577]
│           └── right: identifier y [2579..2579]
├── var (mut) [2582..2592]
│   ├── name: identifier weird4 [2583..2583]
│   └── value: binary: '~>' [2586..2590]
│       ├── left: binary: '~>' [2586..2588]
│       │   ├── left: identifier foo [2586..2586]
│       │   └── right: identifier bar [2588..2588]
│       └── right: identifier baz [2590..2590]
├── var (mut) [2593..2614]
│   ├── name: identifier weird5 [2594..2594]
│   └── value: ternary [2596..2613]
│       ├── condition: identifier condition [2596..2596]
│       ├── then: index [2598..2606]
│       │   ├── object: call [2598..2603]
│       │   │   ├── callee: identifier foo [2598..2598]
│       │   │   ├── arg: identifier a [2600..2600]
│       │   │   └── arg: identifier b [2602..2602]
│       │   └── index: literal (int): 0 [2605..2605]
│       └── else: call [2608..2613]
│           ├── callee: access [2608..2610]
│           │   ├── object: identifier bar [2608..2608]
│           │   └── member: identifier baz [2610..2610]
│           └── arg: identifier qux [2612..2612]
├── var (mut) [2615..2645]
│   ├── name: identifier weird6 [2616..2616]
│   └── value: dict [2618..2644]
│       ├── pair
│       │   ├── key: literal (string): "computed" [2619..2619]
│       │   └── value: index [2621..2627]
│       │       ├── object: call [2621..2624]
│       │       │   ├── callee: identifier foo [2621..2621]
│       │       │   └── arg: identifier bar [2623..2623]
│       │       └── index: literal (int): 0 [2626..2626]
│       └── pair
│           ├── key: literal (string): "nested" [2629..2629]
│           └── value: dict [2631..2642]
│               └── pair
│                   ├── key: literal (string): "x" [2632..2632]
│                   └── value: list [2634..2640]
│                       ├── literal (int): 1 [2635..2635]
│                       ├── literal (int): 2 [2637..2637]
│                       └── literal (int): 3 [2639..2639]
├── var (mut) [2646..2671]
│   ├── name: identifier weird7 [2647..2647]
│   └── value: list [2649..2670]
│       ├── identifier foo [2650..2650]
│       ├── access [2652..2654]
│       │   ├── object: identifier bar [2652..2652]
│       │   └── member: identifier baz [2654..2654]
│       ├── call [2656..2661]
│       │   ├── callee: identifier qux [2656..2656]
│       │   ├── arg: literal (int): 1 [2658..2658]
│       │   └── arg: literal (int): 2 [2660..2660]
│       └── dict [2663..2668]
│           └── pair
│               ├── key: literal (string): "nested" [2664..2664]
│               └── value: literal (bool): true [2666..2666]
├── var (mut) [2672..2683]
│   ├── name: identifier weird8 [2673..2673]
│   └── value: set [2675..2682]
│       ├── identifier foo [2676..2676]
│       ├── identifier bar [2678..2678]
│       └── identifier baz [2680..2680]
├── var (mut) [2684..2692]
│   ├── name: identifier newlineTest [2685..2685]
│   └── value: binary: '+' [2687..2691]
│       ├── left: identifier foo [2687..2687]
│       └── right: binary: '*' [2689..2691]
│           ├── left: identifier bar [2689..2689]
│           └── right: identifier baz [2691..2691]
├── var (mut) [2693..2705]
│   ├── name: identifier newlineCall [2694..2694]
│   └── value: call [2696..2704]
│       ├── callee: identifier foo [2696..2696]
│       ├── arg: identifier a [2698..2698]
│       ├── arg: identifier b [2700..2700]
│       └── arg: identifier c [2702..2702]
├── var (mut) [2706..2719]
│   ├── name: identifier newlineAccess [2707..2707]
│   └── value: call [2709..2718]
│       └── callee: access [2709..2716]
│           ├── object: index [2709..2714]
│           │   ├── object: access [2709..2711]
│           │   │   ├── object: identifier object [2709..2709]
│           │   │   └── member: identifier property [2711..2711]
│           │   └── index: identifier index [2713..2713]
│           └── member: identifier method [2716..2716]
├── var (mut) [2720..2724]
│   ├── name: identifier comments1 [2721..2721]
│   └── value: literal (int): 123 [2723..2723]
├── var (mut) [2725..2731]
│   ├── name: identifier comments2 [2726..2726]
│   └── value: binary: '+' [2728..2730]
│       ├── left: literal (int): 123 [2728..2728]
│       └── right: literal (int): 456 [2730..2730]
├── var (mut) [2732..2743]
│   ├── name: identifier comments3 [2733..2733]
│   └── value: list [2735..2742]
│       ├── literal (int): 1 [2736..2736]
│       ├── literal (int): 2 [2738..2738]
│       └── literal (int): 3 [2740..2740]
└── var (mut) [2744..2810]
    ├── name: identifier finalBoss [2745..2745]
    └── value: ternary [2747..2809]
        ├── condition: identifier condition1 [2747..2747]
        ├── then: binary: '~>' [2750..2799]
        │   ├── left: binary: '~>' [2750..2797]
        │   │   ├── left: call [2750..2795]
        │   │   │   ├── callee: access [2750..2752]
        │   │   │   │   ├── object: identifier foo [2750..2750]
        │   │   │   │   └── member: identifier bar [2752..2752]
        │   │   │   ├── arg: unary prefix: '-' [2754..2755]
        │   │   │   │   └── identifier x [2755..2755]
        │   │   │   ├── arg: unary prefix: '!' [2757..2758]
        │   │   │   │   └── identifier y [2758..2758]
        │   │   │   ├── arg: slice [2760..2767]
        │   │   │   │   ├── object: identifier z [2760..2760]
        │   │   │   │   ├── start: literal (int): 1 [2762..2762]
        │   │   │   │   ├── stop: literal (int): 10 [2764..2764]
        │   │   │   │   └── step: literal (int): 2 [2766..2766]
        │   │   │   └── arg: dict [2769..2793]
        │   │   │       └── pair
        │   │   │           ├── key: literal (string): "nested" [2770..2770]
        │   │   │           └── value: list [2772..2791]
        │   │   │               ├── binary: '+' [2773..2777]
        │   │   │               │   ├── left: identifier a [2773..2773]
        │   │   │               │   └── right: binary: '*' [2775..2777]
        │   │   │               │       ├── left: identifier b [2775..2775]
        │   │   │               │       └── right: identifier c [2777..2777]
        │   │   │               ├── binary: '||' [2779..2783]
        │   │   │               │   ├── left: binary: '==' [2779..2781]
        │   │   │               │   │   ├── left: identifier d [2779..2779]
        │   │   │               │   │   └── right: identifier e [2781..2781]
        │   │   │               │   └── right: identifier f [2783..2783]
        │   │   │               └── ternary [2785..2789]
        │   │   │                   ├── condition: identifier g [2785..2785]
        │   │   │                   ├── then: identifier h [2787..2787]
        │   │   │                   └── else: identifier i [2789..2789]
        │   │   └── right: identifier transform [2797..2797]
        │   └── right: identifier finalize [2799..2799]
        └── else: call [2803..2808]
            ├── callee: access [2803..2805]
            │   ├── object: identifier fallback [2803..2803]
            │   └── member: identifier recover [2805..2805]
            └── arg: identifier tryValue [2807..2807]
